<?xml version="1.0" encoding="UTF-8"?>
<TrussAnalysisResults>
  <Project>
    <Name>Export Test Truss</Name>
    <ExportTime>2025-06-30 18:23:15</ExportTime>
    <Version>2.2.0</Version>
  </Project>
  <Geometry>
    <Nodes>
      <Node id="1">
        <X>0.000000</X>
        <Y>0.000000</Y>
        <SupportType>3</SupportType>
      </Node>
      <Node id="2">
        <X>4.000000</X>
        <Y>0.000000</Y>
        <SupportType>5</SupportType>
      </Node>
      <Node id="3">
        <X>2.000000</X>
        <Y>3.000000</Y>
        <SupportType>0</SupportType>
      </Node>
    </Nodes>
    <Members>
      <Member id="1">
        <StartNode>1</StartNode>
        <EndNode>2</EndNode>
        <Length>4.000000</Length>
      </Member>
      <Member id="2">
        <StartNode>1</StartNode>
        <EndNode>3</EndNode>
        <Length>3.605551</Length>
      </Member>
      <Member id="3">
        <StartNode>2</StartNode>
        <EndNode>3</EndNode>
        <Length>3.605551</Length>
      </Member>
    </Members>
  </Geometry>
</TrussAnalysisResults>
